\BOOKMARK [0][-]{chapter.1}{\376\377\000I\000n\000t\000r\000o\000d\000u\000\347\000\343\000o\000\040\000a\000o\000\040\000C\000o\000n\000t\000r\000o\000l\000e\000\040\000D\000i\000g\000i\000t\000a\000l}{}% 1
\BOOKMARK [1][-]{section.1.1}{\376\377\000C\000o\000n\000c\000e\000i\000t\000u\000a\000\347\000\343\000o\000\040\000d\000e\000\040\000S\000i\000s\000t\000e\000m\000a\000s\000\040\000d\000e\000\040\000C\000o\000n\000t\000r\000o\000l\000e}{chapter.1}% 2
\BOOKMARK [1][-]{section.1.2}{\376\377\000R\000e\000q\000u\000i\000s\000i\000t\000o\000s\000\040\000d\000o\000\040\000P\000r\000o\000j\000e\000t\000o\000\040\000d\000e\000\040\000C\000o\000n\000t\000r\000o\000l\000e}{chapter.1}% 3
\BOOKMARK [1][-]{section.1.3}{\376\377\000R\000e\000c\000u\000r\000s\000o\000s\000\040\000d\000o\000\040\000C\000u\000r\000s\000o\000\040\000e\000\040\000P\000l\000a\000t\000a\000f\000o\000r\000m\000a\000s\000\040\000d\000e\000\040\000D\000e\000s\000e\000n\000v\000o\000l\000v\000i\000m\000e\000n\000t\000o}{chapter.1}% 4
\BOOKMARK [1][-]{section.1.4}{\376\377\000E\000x\000e\000m\000p\000l\000o\000s\000\040\000d\000e\000\040\000A\000p\000l\000i\000c\000a\000\347\000\343\000o\000\040\000n\000a\000\040\000E\000n\000g\000e\000n\000h\000a\000r\000i\000a\000\040\000M\000o\000d\000e\000r\000n\000a}{chapter.1}% 5
\BOOKMARK [1][-]{section.1.5}{\376\377\000O\000\040\000C\000i\000c\000l\000o\000\040\000d\000o\000\040\000P\000r\000o\000j\000e\000t\000o\000\040\000d\000e\000\040\000C\000o\000n\000t\000r\000o\000l\000e}{chapter.1}% 6
\BOOKMARK [1][-]{section.1.6}{\376\377\000C\000a\000d\000e\000i\000a\000\040\000d\000e\000\040\000P\000r\000o\000c\000e\000s\000s\000a\000m\000e\000n\000t\000o\000\040\000d\000e\000\040\000S\000i\000n\000a\000l\000\040\000e\000m\000\040\000T\000e\000m\000p\000o\000\040\000D\000i\000s\000c\000r\000e\000t\000o}{chapter.1}% 7
\BOOKMARK [1][-]{section.1.7}{\376\377\000A\000\347\000\365\000e\000s\000\040\000d\000e\000\040\000C\000o\000n\000t\000r\000o\000l\000e\000:\000\040\000O\000N\000-\000O\000F\000F\000\040\000v\000s\000.\000\040\000P\000I\000D}{chapter.1}% 8
\BOOKMARK [1][-]{section.1.8}{\376\377\000V\000a\000n\000t\000a\000g\000e\000n\000s\000\040\000d\000o\000\040\000C\000o\000n\000t\000r\000o\000l\000e\000\040\000D\000i\000g\000i\000t\000a\000l}{chapter.1}% 9
\BOOKMARK [1][-]{section.1.9}{\376\377\000I\000m\000p\000l\000e\000m\000e\000n\000t\000a\000\347\000\343\000o\000\040\000A\000n\000a\000l\000\363\000g\000i\000c\000a\000\040\000v\000s\000.\000\040\000D\000i\000g\000i\000t\000a\000l}{chapter.1}% 10
\BOOKMARK [1][-]{section.1.10}{\376\377\000D\000e\000s\000e\000n\000v\000o\000l\000v\000i\000m\000e\000n\000t\000o\000\040\000d\000e\000\040\000A\000l\000g\000o\000r\000i\000t\000m\000o\000s\000\040\000C\000o\000m\000p\000u\000t\000a\000c\000i\000o\000n\000a\000i\000s\000\040\000d\000e\000\040\000C\000o\000n\000t\000r\000o\000l\000e}{chapter.1}% 11
\BOOKMARK [0][-]{chapter.2}{\376\377\000T\000e\000o\000r\000e\000m\000a\000\040\000d\000a\000\040\000A\000m\000o\000s\000t\000r\000a\000g\000e\000m}{}% 12
\BOOKMARK [1][-]{section.2.1}{\376\377\000A\000\040\000N\000a\000t\000u\000r\000e\000z\000a\000\040\000D\000i\000s\000c\000r\000e\000t\000a\000\040\000e\000\040\000A\000m\000o\000s\000t\000r\000a\000d\000a\000\040\000d\000o\000s\000\040\000S\000i\000n\000a\000i\000s}{chapter.2}% 13
\BOOKMARK [1][-]{section.2.2}{\376\377\000M\000o\000d\000e\000l\000a\000\347\000\343\000o\000\040\000M\000a\000t\000e\000m\000\341\000t\000i\000c\000a\000\040\000d\000a\000\040\000A\000m\000o\000s\000t\000r\000a\000g\000e\000m}{chapter.2}% 14
\BOOKMARK [1][-]{section.2.3}{\376\377\000A\000n\000\341\000l\000i\000s\000e\000\040\000E\000s\000p\000e\000c\000t\000r\000a\000l\000\040\000d\000a\000\040\000A\000m\000o\000s\000t\000r\000a\000g\000e\000m}{chapter.2}% 15
\BOOKMARK [1][-]{section.2.4}{\376\377\000F\000e\000n\000\364\000m\000e\000n\000o\000\040\000d\000e\000\040\000A\000l\000i\000a\000s\000i\000n\000g\000\040\000e\000\040\000T\000e\000o\000r\000e\000m\000a\000\040\000d\000e\000\040\000N\000y\000q\000u\000i\000s\000t}{chapter.2}% 16
\BOOKMARK [1][-]{section.2.5}{\376\377\000R\000e\000c\000o\000n\000s\000t\000r\000u\000\347\000\343\000o\000\040\000R\000e\000a\000l\000\040\000d\000e\000\040\000S\000i\000n\000a\000i\000s\000\040\000e\000\040\000o\000\040\000R\000e\000t\000e\000n\000t\000o\000r\000\040\000d\000e\000\040\000O\000r\000d\000e\000m\000\040\000Z\000e\000r\000o\000\040\000\050\000Z\000O\000H\000\051}{chapter.2}% 17
\BOOKMARK [1][-]{section.2.6}{\376\377\000E\000x\000e\000m\000p\000l\000o\000\040\000C\000o\000m\000p\000u\000t\000a\000c\000i\000o\000n\000a\000l\000\040\000n\000o\000\040\000M\000A\000T\000L\000A\000B\000:\000\040\000E\000f\000e\000i\000t\000o\000\040\000d\000e\000\040\000A\000l\000i\000a\000s\000i\000n\000g}{chapter.2}% 18
\BOOKMARK [0][-]{chapter.3}{\376\377\000A\000\040\000T\000r\000a\000n\000s\000f\000o\000r\000m\000a\000d\000a\000\040\000Z}{}% 19
\BOOKMARK [1][-]{section.3.1}{\376\377\000D\000e\000f\000i\000n\000i\000\347\000\343\000o\000\040\000d\000a\000\040\000T\000r\000a\000n\000s\000f\000o\000r\000m\000a\000d\000a\000\040\000Z}{chapter.3}% 20
\BOOKMARK [1][-]{section.3.2}{\376\377\000R\000e\000g\000i\000\343\000o\000\040\000d\000e\000\040\000C\000o\000n\000v\000e\000r\000g\000\352\000n\000c\000i\000a\000\040\000\050\000R\000O\000C\000\051}{chapter.3}% 21
\BOOKMARK [1][-]{section.3.3}{\376\377\000D\000e\000d\000u\000\347\000\343\000o\000\040\000d\000e\000\040\000T\000r\000a\000n\000s\000f\000o\000r\000m\000a\000d\000a\000s\000\040\000Z\000\040\000d\000e\000\040\000S\000i\000n\000a\000i\000s\000\040\000C\000l\000\341\000s\000s\000i\000c\000o\000s}{chapter.3}% 22
\BOOKMARK [2][-]{subsection.3.3.1}{\376\377\000D\000e\000g\000r\000a\000u\000\040\000U\000n\000i\000t\000\341\000r\000i\000o}{section.3.3}% 23
\BOOKMARK [2][-]{subsection.3.3.2}{\376\377\000E\000x\000p\000o\000n\000e\000n\000c\000i\000a\000l\000\040\000D\000i\000s\000c\000r\000e\000t\000a}{section.3.3}% 24
\BOOKMARK [1][-]{section.3.4}{\376\377\000P\000r\000o\000p\000r\000i\000e\000d\000a\000d\000e\000s\000\040\000O\000p\000e\000r\000a\000c\000i\000o\000n\000a\000i\000s\000\040\000F\000u\000n\000d\000a\000m\000e\000n\000t\000a\000i\000s}{chapter.3}% 25
\BOOKMARK [1][-]{section.3.5}{\376\377\000M\000\351\000t\000o\000d\000o\000s\000\040\000d\000e\000\040\000I\000n\000v\000e\000r\000s\000\343\000o\000\040\000d\000a\000\040\000T\000r\000a\000n\000s\000f\000o\000r\000m\000a\000d\000a\000\040\000Z}{chapter.3}% 26
\BOOKMARK [0][-]{chapter.4}{\376\377\000M\000o\000d\000e\000l\000a\000g\000e\000m\000\040\000e\000\040\000D\000i\000s\000c\000r\000e\000t\000i\000z\000a\000\347\000\343\000o\000\040\000d\000e\000\040\000S\000i\000s\000t\000e\000m\000a\000s\000\040\000C\000o\000n\000t\000\355\000n\000u\000o\000s}{}% 27
\BOOKMARK [1][-]{section.4.1}{\376\377\000E\000q\000u\000a\000\347\000\365\000e\000s\000\040\000d\000e\000\040\000D\000i\000f\000e\000r\000e\000n\000\347\000a\000s\000\040\000e\000\040\000F\000u\000n\000\347\000\343\000o\000\040\000d\000e\000\040\000T\000r\000a\000n\000s\000f\000e\000r\000\352\000n\000c\000i\000a}{chapter.4}% 28
\BOOKMARK [1][-]{section.4.2}{\376\377\000D\000e\000r\000i\000v\000a\000\347\000\343\000o\000\040\000d\000o\000\040\000M\000a\000p\000e\000a\000m\000e\000n\000t\000o\000\040\000p\000o\000r\000\040\000R\000e\000t\000e\000n\000t\000o\000r\000\040\000d\000e\000\040\000O\000r\000d\000e\000m\000\040\000Z\000e\000r\000o\000\040\000\050\000Z\000O\000H\000\051}{chapter.4}% 29
\BOOKMARK [1][-]{section.4.3}{\376\377\000A\000p\000r\000o\000x\000i\000m\000a\000\347\000\343\000o\000\040\000N\000u\000m\000\351\000r\000i\000c\000a\000\040\000p\000o\000r\000\040\000I\000n\000t\000e\000g\000r\000a\000\347\000\343\000o}{chapter.4}% 30
\BOOKMARK [2][-]{subsection.4.3.1}{\376\377\000E\000u\000l\000e\000r\000\040\000F\000o\000r\000w\000a\000r\000d\000\040\000\050\000D\000i\000f\000e\000r\000e\000n\000\347\000a\000\040\000A\000v\000a\000n\000\347\000a\000d\000a\000\051}{section.4.3}% 31
\BOOKMARK [2][-]{subsection.4.3.2}{\376\377\000E\000u\000l\000e\000r\000\040\000B\000a\000c\000k\000w\000a\000r\000d\000\040\000\050\000D\000i\000f\000e\000r\000e\000n\000\347\000a\000\040\000A\000t\000r\000a\000s\000a\000d\000a\000\051}{section.4.3}% 32
\BOOKMARK [2][-]{subsection.4.3.3}{\376\377\000T\000r\000a\000n\000s\000f\000o\000r\000m\000a\000\347\000\343\000o\000\040\000B\000i\000l\000i\000n\000e\000a\000r\000\040\000o\000u\000\040\000d\000e\000\040\000T\000u\000s\000t\000i\000n}{section.4.3}% 33
\BOOKMARK [1][-]{section.4.4}{\376\377\000S\000i\000n\000a\000i\000s\000\040\000e\000\040\000C\000\363\000d\000i\000g\000o\000s\000\040\000d\000e\000\040\000E\000x\000c\000i\000t\000a\000\347\000\343\000o\000:\000\040\000P\000R\000B\000S}{chapter.4}% 34
\BOOKMARK [1][-]{section.4.5}{\376\377\000E\000x\000e\000m\000p\000l\000o\000\040\000d\000e\000\040\000D\000i\000s\000c\000r\000e\000t\000i\000z\000a\000\347\000\343\000o\000\040\000C\000o\000m\000p\000a\000r\000a\000t\000i\000v\000a\000\040\000n\000o\000\040\000M\000A\000T\000L\000A\000B}{chapter.4}% 35
\BOOKMARK [0][-]{chapter.5}{\376\377\000A\000n\000\341\000l\000i\000s\000e\000\040\000d\000e\000\040\000E\000s\000t\000a\000b\000i\000l\000i\000d\000a\000d\000e\000\040\000e\000m\000\040\000T\000e\000m\000p\000o\000\040\000D\000i\000s\000c\000r\000e\000t\000o}{}% 36
\BOOKMARK [1][-]{section.5.1}{\376\377\000P\000o\000l\000o\000s\000\040\000C\000o\000m\000p\000l\000e\000x\000o\000s\000\040\000e\000\040\000C\000\355\000r\000c\000u\000l\000o\000\040\000U\000n\000i\000t\000\341\000r\000i\000o}{chapter.5}% 37
\BOOKMARK [1][-]{section.5.2}{\376\377\000E\000f\000e\000i\000t\000o\000\040\000E\000s\000t\000a\000b\000i\000l\000i\000z\000a\000d\000o\000r\000\040\000n\000o\000s\000\040\000M\000a\000p\000e\000a\000m\000e\000n\000t\000o\000s\000\040\000d\000a\000s\000\040\000A\000p\000r\000o\000x\000i\000m\000a\000\347\000\365\000e\000s\000\040\000d\000e\000\040\000I\000n\000t\000e\000g\000r\000a\000\347\000\343\000o}{chapter.5}% 38
\BOOKMARK [1][-]{section.5.3}{\376\377\000I\000n\000f\000l\000u\000\352\000n\000c\000i\000a\000\040\000d\000a\000\040\000L\000o\000c\000a\000l\000i\000z\000a\000\347\000\343\000o\000\040\000d\000e\000\040\000P\000o\000l\000o\000s\000\040\000n\000a\000\040\000R\000e\000s\000p\000o\000s\000t\000a\000\040\000T\000e\000m\000p\000o\000r\000a\000l\000\040\000D\000i\000s\000c\000r\000e\000t\000a}{chapter.5}% 39
\BOOKMARK [1][-]{section.5.4}{\376\377\000C\000r\000i\000t\000\351\000r\000i\000o\000\040\000d\000e\000\040\000E\000s\000t\000a\000b\000i\000l\000i\000d\000a\000d\000e\000\040\000d\000e\000\040\000J\000u\000r\000y}{chapter.5}% 40
\BOOKMARK [1][-]{section.5.5}{\376\377\000A\000n\000\341\000l\000i\000s\000e\000\040\000d\000e\000\040\000E\000s\000t\000a\000b\000i\000l\000i\000d\000a\000d\000e\000\040\000s\000o\000b\000\040\000V\000a\000r\000i\000a\000\347\000\343\000o\000\040\000d\000e\000\040\000G\000a\000n\000h\000o\000\040\000K}{chapter.5}% 41
\BOOKMARK [1][-]{section.5.6}{\376\377\000A\000n\000\341\000l\000i\000s\000e\000\040\000d\000e\000\040\000E\000r\000r\000o\000\040\000e\000m\000\040\000R\000e\000g\000i\000m\000e\000\040\000E\000s\000t\000a\000c\000i\000o\000n\000\341\000r\000i\000o}{chapter.5}% 42
\BOOKMARK [0][-]{chapter.6}{\376\377\000P\000r\000o\000j\000e\000t\000o\000\040\000d\000e\000\040\000C\000o\000n\000t\000r\000o\000l\000a\000d\000o\000r\000e\000s\000\040\000n\000a\000\040\000F\000r\000e\000q\000u\000\352\000n\000c\000i\000a}{}% 43
\BOOKMARK [1][-]{section.6.1}{\376\377\000E\000s\000p\000e\000c\000i\000f\000i\000c\000a\000\347\000\365\000e\000s\000\040\000d\000e\000\040\000D\000e\000s\000e\000m\000p\000e\000n\000h\000o\000\040\000e\000\040\000M\000a\000p\000e\000a\000m\000e\000n\000t\000o\000\040\000d\000e\000\040\000P\000o\000l\000o\000s}{chapter.6}% 44
\BOOKMARK [1][-]{section.6.2}{\376\377\000A\000n\000\341\000l\000i\000s\000e\000\040\000d\000e\000\040\000E\000r\000r\000o\000\040\000E\000s\000t\000a\000c\000i\000o\000n\000\341\000r\000i\000o\000\040\000p\000o\000r\000\040\000T\000i\000p\000o\000\040\000d\000e\000\040\000S\000i\000s\000t\000e\000m\000a}{chapter.6}% 45
\BOOKMARK [1][-]{section.6.3}{\376\377\000A\000p\000l\000i\000c\000a\000\347\000\365\000e\000s\000\040\000I\000n\000d\000u\000s\000t\000r\000i\000a\000i\000s\000\040\000e\000\040\000S\000i\000s\000t\000e\000m\000a\000s\000\040\000F\000\355\000s\000i\000c\000o\000s\000\040\000R\000e\000a\000i\000s}{chapter.6}% 46
\BOOKMARK [1][-]{section.6.4}{\376\377\000P\000r\000o\000j\000e\000t\000o\000\040\000v\000i\000a\000\040\000E\000m\000u\000l\000a\000\347\000\343\000o\000\040\000v\000s\000.\000\040\000P\000r\000o\000j\000e\000t\000o\000\040\000D\000i\000r\000e\000t\000o}{chapter.6}% 47
\BOOKMARK [1][-]{section.6.5}{\376\377\000E\000s\000t\000r\000u\000t\000u\000r\000a\000s\000\040\000d\000e\000\040\000C\000o\000m\000p\000e\000n\000s\000a\000d\000o\000r\000e\000s\000\040\000D\000i\000s\000c\000r\000e\000t\000o\000s}{chapter.6}% 48
\BOOKMARK [2][-]{subsection.6.5.1}{\376\377\000C\000o\000m\000p\000e\000n\000s\000a\000d\000o\000r\000\040\000d\000e\000\040\000A\000v\000a\000n\000\347\000o\000\040\000d\000e\000\040\000F\000a\000s\000e\000\040\000\050\000L\000e\000a\000d\000\051}{section.6.5}% 49
\BOOKMARK [2][-]{subsection.6.5.2}{\376\377\000C\000o\000m\000p\000e\000n\000s\000a\000d\000o\000r\000\040\000d\000e\000\040\000A\000t\000r\000a\000s\000o\000\040\000d\000e\000\040\000F\000a\000s\000e\000\040\000\050\000L\000a\000g\000\051}{section.6.5}% 50
\BOOKMARK [1][-]{section.6.6}{\376\377\000C\000o\000n\000t\000r\000o\000l\000a\000d\000o\000r\000\040\000P\000I\000D\000\040\000D\000i\000g\000i\000t\000a\000l}{chapter.6}% 51
\BOOKMARK [1][-]{section.6.7}{\376\377\000L\000i\000m\000i\000t\000a\000\347\000\365\000e\000s\000\040\000F\000\355\000s\000i\000c\000a\000s\000:\000\040\000S\000a\000t\000u\000r\000a\000\347\000\343\000o\000\040\000d\000e\000\040\000A\000t\000u\000a\000d\000o\000r\000e\000s\000\040\000e\000\040\000A\000n\000t\000i\000-\000W\000i\000n\000d\000u\000p}{chapter.6}% 52
\BOOKMARK [1][-]{section.6.8}{\376\377\000O\000t\000i\000m\000i\000z\000a\000\347\000\343\000o\000\040\000M\000e\000t\000a\000-\000h\000e\000u\000r\000\355\000s\000t\000i\000c\000a\000\040\000p\000o\000r\000\040\000E\000n\000x\000a\000m\000e\000\040\000d\000e\000\040\000P\000a\000r\000t\000\355\000c\000u\000l\000a\000s\000\040\000\050\000P\000S\000O\000\051}{chapter.6}% 53
\BOOKMARK [1][-]{section.6.9}{\376\377\000E\000x\000e\000m\000p\000l\000o\000\040\000d\000e\000\040\000P\000r\000o\000j\000e\000t\000o\000\040\000n\000o\000\040\000M\000A\000T\000L\000A\000B\000:\000\040\000L\000G\000R\000\040\000e\000\040\000P\000I\000D}{chapter.6}% 54
\BOOKMARK [0][-]{chapter.7}{\376\377\000R\000e\000p\000r\000e\000s\000e\000n\000t\000a\000\347\000\343\000o\000\040\000e\000m\000\040\000E\000s\000p\000a\000\347\000o\000\040\000d\000e\000\040\000E\000s\000t\000a\000d\000o\000s}{}% 55
\BOOKMARK [1][-]{section.7.1}{\376\377\000D\000e\000f\000i\000n\000i\000\347\000\343\000o\000\040\000d\000o\000\040\000M\000o\000d\000e\000l\000o\000\040\000d\000e\000\040\000E\000s\000t\000a\000d\000o\000s\000\040\000C\000o\000n\000t\000\355\000n\000u\000o\000\040\000e\000\040\000D\000i\000s\000c\000r\000e\000t\000o}{chapter.7}% 56
\BOOKMARK [1][-]{section.7.2}{\376\377\000L\000i\000n\000e\000a\000r\000i\000z\000a\000\347\000\343\000o\000\040\000d\000e\000\040\000S\000i\000s\000t\000e\000m\000a\000s\000\040\000D\000i\000n\000\342\000m\000i\000c\000o\000s\000\040\000N\000\343\000o\000-\000L\000i\000n\000e\000a\000r\000e\000s}{chapter.7}% 57
\BOOKMARK [1][-]{section.7.3}{\376\377\000D\000e\000d\000u\000\347\000\343\000o\000\040\000d\000a\000\040\000D\000i\000s\000c\000r\000e\000t\000i\000z\000a\000\347\000\343\000o\000\040\000E\000x\000a\000t\000a\000\040\000d\000o\000\040\000E\000s\000p\000a\000\347\000o\000\040\000d\000e\000\040\000E\000s\000t\000a\000d\000o\000s}{chapter.7}% 58
\BOOKMARK [0][-]{chapter.8}{\376\377\000C\000o\000n\000t\000r\000o\000l\000e\000\040\000p\000o\000r\000\040\000R\000e\000a\000l\000i\000m\000e\000n\000t\000a\000\347\000\343\000o\000\040\000d\000e\000\040\000E\000s\000t\000a\000d\000o\000s\000\040\000e\000\040\000O\000b\000s\000e\000r\000v\000a\000d\000o\000r\000e\000s}{}% 59
\BOOKMARK [1][-]{section.8.1}{\376\377\000C\000o\000n\000t\000r\000o\000l\000a\000b\000i\000l\000i\000d\000a\000d\000e\000\040\000e\000\040\000O\000b\000s\000e\000r\000v\000a\000b\000i\000l\000i\000d\000a\000d\000e\000\040\000D\000i\000s\000c\000r\000e\000t\000a}{chapter.8}% 60
\BOOKMARK [1][-]{section.8.2}{\376\377\000P\000r\000o\000j\000e\000t\000o\000\040\000d\000e\000\040\000R\000e\000a\000l\000i\000m\000e\000n\000t\000a\000\347\000\343\000o\000\040\000d\000e\000\040\000E\000s\000t\000a\000d\000o\000s\000\040\000e\000\040\000F\000\363\000r\000m\000u\000l\000a\000\040\000d\000e\000\040\000A\000c\000k\000e\000r\000m\000a\000n\000n}{chapter.8}% 61
\BOOKMARK [1][-]{section.8.3}{\376\377\000R\000e\000a\000l\000i\000m\000e\000n\000t\000a\000\347\000\343\000o\000\040\000d\000e\000\040\000E\000s\000t\000a\000d\000o\000s\000\040\000c\000o\000m\000\040\000A\000\347\000\343\000o\000\040\000I\000n\000t\000e\000g\000r\000a\000l}{chapter.8}% 62
\BOOKMARK [1][-]{section.8.4}{\376\377\000P\000r\000o\000j\000e\000t\000o\000\040\000d\000e\000\040\000O\000b\000s\000e\000r\000v\000a\000d\000o\000r\000e\000s\000\040\000d\000e\000\040\000E\000s\000t\000a\000d\000o\000\040\000D\000i\000s\000c\000r\000e\000t\000o\000s}{chapter.8}% 63
\BOOKMARK [1][-]{section.8.5}{\376\377\000C\000a\000s\000o\000\040\000d\000e\000\040\000E\000s\000t\000u\000d\000o\000:\000\040\000C\000o\000n\000t\000r\000o\000l\000e\000\040\000P\000\352\000n\000d\000u\000l\000o\000\040\000I\000n\000v\000e\000r\000t\000i\000d\000o}{chapter.8}% 64
\BOOKMARK [0][-]{chapter.9}{\376\377\000C\000o\000n\000t\000r\000o\000l\000e\000\040\000\323\000t\000i\000m\000o\000\040\000L\000i\000n\000e\000a\000r\000\040\000Q\000u\000a\000d\000r\000\341\000t\000i\000c\000o\000\040\000\050\000L\000Q\000R\000\051}{}% 65
\BOOKMARK [1][-]{section.9.1}{\376\377\000C\000o\000n\000c\000e\000i\000t\000o\000\040\000d\000e\000\040\000C\000o\000n\000t\000r\000o\000l\000e\000\040\000\323\000t\000i\000m\000o\000\040\000e\000\040\000C\000r\000i\000t\000\351\000r\000i\000o\000\040\000Q\000u\000a\000d\000r\000\341\000t\000i\000c\000o}{chapter.9}% 66
\BOOKMARK [1][-]{section.9.2}{\376\377\000D\000e\000d\000u\000\347\000\343\000o\000\040\000v\000i\000a\000\040\000P\000r\000i\000n\000c\000\355\000p\000i\000o\000\040\000d\000e\000\040\000O\000t\000i\000m\000a\000l\000i\000d\000a\000d\000e\000\040\000d\000e\000\040\000B\000e\000l\000l\000m\000a\000n}{chapter.9}% 67
\BOOKMARK [1][-]{section.9.3}{\376\377\000S\000o\000l\000u\000\347\000\343\000o\000\040\000E\000s\000t\000a\000c\000i\000o\000n\000\341\000r\000i\000a\000\040\000d\000e\000\040\000H\000o\000r\000i\000z\000o\000n\000t\000e\000\040\000I\000n\000f\000i\000n\000i\000t\000o}{chapter.9}% 68
\BOOKMARK [0][-]{chapter.10}{\376\377\000O\000\040\000F\000i\000l\000t\000r\000o\000\040\000d\000e\000\040\000K\000a\000l\000m\000a\000n\000\040\000D\000i\000s\000c\000r\000e\000t\000o}{}% 69
\BOOKMARK [1][-]{section.10.1}{\376\377\000M\000o\000d\000e\000l\000a\000g\000e\000m\000\040\000E\000s\000t\000o\000c\000\341\000s\000t\000i\000c\000a\000\040\000c\000o\000m\000\040\000R\000u\000\355\000d\000o\000\040\000G\000a\000u\000s\000s\000i\000a\000n\000o}{chapter.10}% 70
\BOOKMARK [1][-]{section.10.2}{\376\377\000D\000e\000d\000u\000\347\000\343\000o\000\040\000e\000\040\000C\000i\000c\000l\000o\000\040\000d\000e\000\040\000R\000e\000c\000u\000r\000s\000\343\000o\000\040\000d\000o\000\040\000F\000i\000l\000t\000r\000o\000\040\000d\000e\000\040\000K\000a\000l\000m\000a\000n}{chapter.10}% 71
\BOOKMARK [2][-]{subsection.10.2.1}{\376\377\000F\000a\000s\000e\000\040\0001\000:\000\040\000P\000r\000e\000d\000i\000\347\000\343\000o\000\040\000\050\000A\000\040\000P\000r\000i\000o\000r\000i\000\051}{section.10.2}% 72
\BOOKMARK [2][-]{subsection.10.2.2}{\376\377\000F\000a\000s\000e\000\040\0002\000:\000\040\000A\000t\000u\000a\000l\000i\000z\000a\000\347\000\343\000o\000\040\000o\000u\000\040\000C\000o\000r\000r\000e\000\347\000\343\000o\000\040\000\050\000A\000\040\000P\000o\000s\000t\000e\000r\000i\000o\000r\000i\000\051}{section.10.2}% 73
\BOOKMARK [0][-]{chapter.11}{\376\377\000C\000o\000n\000t\000r\000o\000l\000e\000\040\000E\000s\000t\000o\000c\000\341\000s\000t\000i\000c\000o\000\040\000L\000Q\000G}{}% 74
\BOOKMARK [1][-]{section.11.1}{\376\377\000E\000s\000t\000r\000u\000t\000u\000r\000a\000\040\000L\000Q\000G\000\040\000e\000\040\000P\000r\000i\000n\000c\000\355\000p\000i\000o\000\040\000d\000a\000\040\000S\000e\000p\000a\000r\000a\000\347\000\343\000o}{chapter.11}% 75
\BOOKMARK [1][-]{section.11.2}{\376\377\000E\000s\000t\000u\000d\000o\000\040\000d\000e\000\040\000C\000a\000s\000o\000\040\000C\000o\000m\000p\000l\000e\000t\000o\000:\000\040\000S\000e\000r\000v\000o\000m\000o\000t\000o\000r\000\040\000D\000C}{chapter.11}% 76
\BOOKMARK [2][-]{subsection.11.2.1}{\376\377\000M\000o\000d\000e\000l\000a\000g\000e\000m\000\040\000F\000\355\000s\000i\000c\000a\000\040\000C\000o\000n\000t\000\355\000n\000u\000a}{section.11.2}% 77
\BOOKMARK [2][-]{subsection.11.2.2}{\376\377\000S\000i\000m\000u\000l\000a\000\347\000\343\000o\000\040\000d\000e\000\040\000C\000o\000n\000t\000r\000o\000l\000e\000\040\000L\000Q\000G\000\040\000C\000o\000m\000p\000l\000e\000t\000a\000\040\000n\000o\000\040\000M\000A\000T\000L\000A\000B}{section.11.2}% 78
\BOOKMARK [0][-]{chapter*.68}{\376\377\000R\000e\000f\000e\000r\000\352\000n\000c\000i\000a\000s\000\040\000B\000i\000b\000l\000i\000o\000g\000r\000\341\000f\000i\000c\000a\000s}{}% 79
